---
source: /Users/xorcist/.cargo/registry/src/github.com-1ecc6299db9ec823/wasmer-pack-testing-0.6.0/src/autodiscover.rs
---
// @ts-ignore
import { Sha2 as _Sha2 } from "./sha2/sha2";

/**
 * Options used when initializing the bindings.
 */
export type LoadOptions = {
    /** Additional imports to be provided to the WebAssembly module */
    imports: WebAssembly.Imports,
    /**
     * A user-specified WebAssembly module to use instead of the one bundled
     * with this package.
     */
    module: WebAssembly.Module,
};

export default class Bindings {
    sha2(options?: Partial<LoadOptions>): Promise<_Sha2>;
}
